******************************************************************************
                  TI ARM Linker PC v20.2.5                     
******************************************************************************
>> Linked Mon May 17 18:33:52 2021

OUTPUT FILE NAME:   <Digital2_Proyecto4.out>
ENTRY POINT SYMBOL: "_c_int00_noargs"  address: 00000af1


MEMORY CONFIGURATION

         name            origin    length      used     unused   attr    fill
----------------------  --------  ---------  --------  --------  ----  --------
  FLASH                 00000000   00040000  00000df6  0003f20a  R  X
  SRAM                  20000000   00008000  00000472  00007b8e  RW X


SEGMENT ALLOCATION MAP

run origin  load origin   length   init length attrs members
----------  ----------- ---------- ----------- ----- -------
00000000    00000000    00000df8   00000df8    r-x
  00000000    00000000    0000026c   0000026c    r-- .intvecs
  0000026c    0000026c    000009ee   000009ee    r-x .text
  00000c5c    00000c5c    0000015c   0000015c    r-- .const
  00000db8    00000db8    00000040   00000040    r-- .cinit
20000000    20000000    00000472   00000000    rw-
  20000000    20000000    0000026c   00000000    rw- .vtable
  2000026c    2000026c    00000004   00000000    rw- .bss
  20000270    20000270    00000200   00000000    rw- .stack
  20000470    20000470    00000002   00000000    rw- .data


SECTION ALLOCATION MAP

 output                                  attributes/
section   page    origin      length       input sections
--------  ----  ----------  ----------   ----------------
.intvecs   0    00000000    0000026c     
                  00000000    0000026c     tm4c123gh6pm_startup_ccs.obj (.intvecs)

.text      0    0000026c    000009ee     
                  0000026c    000002ac     main.obj (.text)
                  00000518    00000132     driverlib.lib : gpio.obj (.text:GPIOPadConfigSet)
                  0000064a    00000002     --HOLE-- [fill = 0]
                  0000064c    00000110                   : sysctl.obj (.text:SysCtlClockGet)
                  0000075c    000000f4                   : sysctl.obj (.text:SysCtlClockSet)
                  00000850    0000009c     rtsv7M4_T_le_v4SPD16_eabi.lib : memcpy_t2.asm.obj (.text)
                  000008ec    00000068     driverlib.lib : interrupt.obj (.text:IntEnable)
                  00000954    00000068     rtsv7M4_T_le_v4SPD16_eabi.lib : copy_decompress_lzss.c.obj (.text:decompress:lzss:__TI_decompress_lzss)
                  000009bc    00000046     driverlib.lib : uart.obj (.text:UARTConfigSetExpClk)
                  00000a02    00000002     --HOLE-- [fill = 0]
                  00000a04    00000044     rtsv7M4_T_le_v4SPD16_eabi.lib : autoinit.c.obj (.text:__TI_auto_init_nobinit_nopinit:__TI_auto_init_nobinit_nopinit)
                  00000a48    00000040     driverlib.lib : uart.obj (.text:_UARTIntNumberGet)
                  00000a88    00000034                   : interrupt.obj (.text:IntRegister)
                  00000abc    00000034                   : sysctl.obj (.text:SysCtlPeripheralEnable)
                  00000af0    00000034     rtsv7M4_T_le_v4SPD16_eabi.lib : boot_cortex_m.c.obj (.text:_c_int00_noargs:_c_int00_noargs)
                  00000b24    0000002a     driverlib.lib : gpio.obj (.text:GPIODirModeSet)
                  00000b4e    00000002     --HOLE-- [fill = 0]
                  00000b50    00000020                   : uart.obj (.text:UARTDisable)
                  00000b70    0000001c     rtsv7M4_T_le_v4SPD16_eabi.lib : copy_zero_init.c.obj (.text:decompress:ZI:__TI_zero_init_nomemset:__TI_zero_init_nomemset)
                  00000b8c    00000018     driverlib.lib : gpio.obj (.text:GPIOPinTypeGPIOOutput)
                  00000ba4    00000018                   : uart.obj (.text:UARTIntRegister)
                  00000bbc    00000014                   : uart.obj (.text:UARTEnable)
                  00000bd0    00000012                   : gpio.obj (.text:GPIOPinTypeGPIOInput)
                  00000be2    00000012                   : gpio.obj (.text:GPIOPinTypeUART)
                  00000bf4    00000010                   : interrupt.obj (.text:IntMasterEnable)
                  00000c04    0000000e     rtsv7M4_T_le_v4SPD16_eabi.lib : copy_decompress_none.c.obj (.text:decompress:none:__TI_decompress_none)
                  00000c12    0000000c     driverlib.lib : cpu.obj (.text:CPUcpsie)
                  00000c1e    0000000c     tm4c123gh6pm_startup_ccs.obj (.text)
                  00000c2a    0000000a     driverlib.lib : uart.obj (.text:UARTCharPut)
                  00000c34    00000008                   : uart.obj (.text:UARTIntEnable)
                  00000c3c    00000006                   : gpio.obj (.text:GPIOPinRead)
                  00000c42    00000006                   : gpio.obj (.text:GPIOPinWrite)
                  00000c48    00000006                   : sysctl.obj (.text:SysCtlDelay)
                  00000c4e    00000004                   : uart.obj (.text:UARTIntClear)
                  00000c52    00000004     rtsv7M4_T_le_v4SPD16_eabi.lib : pre_init.c.obj (.text:_system_pre_init)
                  00000c56    00000004                                   : exit.c.obj (.text:abort:abort)

.const     0    00000c5c    0000015c     
                  00000c5c    00000070     driverlib.lib : interrupt.obj (.const)
                  00000ccc    0000006c                   : sysctl.obj (.const:g_pui32Xtals)
                  00000d38    00000040                   : uart.obj (.const:g_ppui32UARTIntMap)
                  00000d78    00000040                   : uart.obj (.const:g_ppui32UARTIntMapSnowflake)

.cinit     0    00000db8    00000040     
                  00000db8    0000000c     (__TI_handler_table)
                  00000dc4    00000004     --HOLE-- [fill = 0]
                  00000dc8    00000008     (.cinit..bss.load) [load image, compression = zero_init]
                  00000dd0    00000008     (.cinit..vtable.load) [load image, compression = zero_init]
                  00000dd8    00000006     (.cinit..data.load) [load image, compression = lzss]
                  00000dde    00000002     --HOLE-- [fill = 0]
                  00000de0    00000018     (__TI_cinit_table)

.init_array 
*          0    00000000    00000000     UNINITIALIZED

.vtable    0    20000000    0000026c     UNINITIALIZED
                  20000000    0000026c     driverlib.lib : interrupt.obj (.vtable)

.bss       0    2000026c    00000004     UNINITIALIZED
                  2000026c    00000001     (.common:Parqueo1)
                  2000026d    00000001     (.common:Parqueo2)
                  2000026e    00000001     (.common:Parqueo3)
                  2000026f    00000001     (.common:Parqueo4)

.data      0    20000470    00000002     UNINITIALIZED
                  20000470    00000002     main.obj (.data)

.stack     0    20000270    00000200     UNINITIALIZED
                  20000270    00000004     rtsv7M4_T_le_v4SPD16_eabi.lib : boot_cortex_m.c.obj (.stack)
                  20000274    000001fc     --HOLE--

__llvm_prf_cnts 
*          0    20000000    00000000     UNINITIALIZED

MODULE SUMMARY

       Module                         code   ro data   rw data
       ------                         ----   -------   -------
    .\
       main.obj                       684    0         6      
       tm4c123gh6pm_startup_ccs.obj   12     620       0      
    +--+------------------------------+------+---------+---------+
       Total:                         696    620       6      
                                                              
    C:/ti/TivaWare_C_Series-2.1.4.178/driverlib/ccs/Debug/driverlib.lib
       interrupt.obj                  172    112       620    
       sysctl.obj                     574    108       0      
       gpio.obj                       420    0         0      
       uart.obj                       232    128       0      
       cpu.obj                        12     0         0      
    +--+------------------------------+------+---------+---------+
       Total:                         1410   348       620    
                                                              
    C:\ti\ccs1031\ccs\tools\compiler\ti-cgt-arm_20.2.5.LTS\lib\rtsv7M4_T_le_v4SPD16_eabi.lib
       memcpy_t2.asm.obj              156    0         0      
       copy_decompress_lzss.c.obj     104    0         0      
       autoinit.c.obj                 68     0         0      
       boot_cortex_m.c.obj            52     0         0      
       copy_zero_init.c.obj           28     0         0      
       copy_decompress_none.c.obj     14     0         0      
       exit.c.obj                     4      0         0      
       pre_init.c.obj                 4      0         0      
    +--+------------------------------+------+---------+---------+
       Total:                         430    0         0      
                                                              
       Stack:                         0      0         512    
       Linker Generated:              0      58        0      
    +--+------------------------------+------+---------+---------+
       Grand Total:                   2536   1026      1138   


LINKER GENERATED COPY TABLES

__TI_cinit_table @ 00000de0 records: 3, size/record: 8, table size: 24
	.bss: load addr=00000dc8, load size=00000008 bytes, run addr=2000026c, run size=00000004 bytes, compression=zero_init
	.vtable: load addr=00000dd0, load size=00000008 bytes, run addr=20000000, run size=0000026c bytes, compression=zero_init
	.data: load addr=00000dd8, load size=00000006 bytes, run addr=20000470, run size=00000002 bytes, compression=lzss


LINKER GENERATED HANDLER TABLE

__TI_handler_table @ 00000db8 records: 3, size/record: 4, table size: 12
	index: 0, handler: __TI_zero_init
	index: 1, handler: __TI_decompress_lzss
	index: 2, handler: __TI_decompress_none


GLOBAL SYMBOLS: SORTED ALPHABETICALLY BY Name 

address   name                          
-------   ----                          
00000c57  C$$EXIT                       
00000c13  CPUcpsie                      
20000470  Disp                          
00000b25  GPIODirModeSet                
00000519  GPIOPadConfigSet              
00000c3d  GPIOPinRead                   
00000bd1  GPIOPinTypeGPIOInput          
00000b8d  GPIOPinTypeGPIOOutput         
00000be3  GPIOPinTypeUART               
00000c43  GPIOPinWrite                  
000008ed  IntEnable                     
00000bf5  IntMasterEnable               
00000a89  IntRegister                   
2000026c  Parqueo1                      
2000026d  Parqueo2                      
2000026e  Parqueo3                      
2000026f  Parqueo4                      
00000c1f  ResetISR                      
00000449  SendString                    
0000064d  SysCtlClockGet                
0000075d  SysCtlClockSet                
00000c49  SysCtlDelay                   
00000abd  SysCtlPeripheralEnable        
00000c2b  UARTCharPut                   
000009bd  UARTConfigSetExpClk           
00000b51  UARTDisable                   
00000bbd  UARTEnable                    
00000c4f  UARTIntClear                  
00000c35  UARTIntEnable                 
00000403  UARTIntHandler                
00000ba5  UARTIntRegister               
0000040f  UARTconfig                    
20000470  __STACK_END                   
00000200  __STACK_SIZE                  
20000470  __STACK_TOP                   
00000de0  __TI_CINIT_Base               
00000df8  __TI_CINIT_Limit              
00000db8  __TI_Handler_Table_Base       
00000dc4  __TI_Handler_Table_Limit      
00000a05  __TI_auto_init_nobinit_nopinit
00000955  __TI_decompress_lzss          
00000c05  __TI_decompress_none          
ffffffff  __TI_pprof_out_hndl           
ffffffff  __TI_prof_data_size           
ffffffff  __TI_prof_data_start          
00000000  __TI_static_base__            
00000b71  __TI_zero_init_nomemset       
00000851  __aeabi_memcpy                
00000851  __aeabi_memcpy4               
00000851  __aeabi_memcpy8               
ffffffff  __binit__                     
ffffffff  __c_args__                    
UNDEFED   __mpu_init                    
20000270  __stack                       
20000000  __start___llvm_prf_cnts       
20000000  __stop___llvm_prf_cnts        
00000af1  _c_int00_noargs               
UNDEFED   _system_post_cinit            
00000c53  _system_pre_init              
00000c57  abort                         
ffffffff  binit                         
00000467  display                       
20000000  g_pfnRAMVectors               
00000000  g_pfnVectors                  
0000026d  main                          
00000851  memcpy                        
20000471  suma                          


GLOBAL SYMBOLS: SORTED BY Symbol Address 

address   name                          
-------   ----                          
00000000  __TI_static_base__            
00000000  g_pfnVectors                  
00000200  __STACK_SIZE                  
0000026d  main                          
00000403  UARTIntHandler                
0000040f  UARTconfig                    
00000449  SendString                    
00000467  display                       
00000519  GPIOPadConfigSet              
0000064d  SysCtlClockGet                
0000075d  SysCtlClockSet                
00000851  __aeabi_memcpy                
00000851  __aeabi_memcpy4               
00000851  __aeabi_memcpy8               
00000851  memcpy                        
000008ed  IntEnable                     
00000955  __TI_decompress_lzss          
000009bd  UARTConfigSetExpClk           
00000a05  __TI_auto_init_nobinit_nopinit
00000a89  IntRegister                   
00000abd  SysCtlPeripheralEnable        
00000af1  _c_int00_noargs               
00000b25  GPIODirModeSet                
00000b51  UARTDisable                   
00000b71  __TI_zero_init_nomemset       
00000b8d  GPIOPinTypeGPIOOutput         
00000ba5  UARTIntRegister               
00000bbd  UARTEnable                    
00000bd1  GPIOPinTypeGPIOInput          
00000be3  GPIOPinTypeUART               
00000bf5  IntMasterEnable               
00000c05  __TI_decompress_none          
00000c13  CPUcpsie                      
00000c1f  ResetISR                      
00000c2b  UARTCharPut                   
00000c35  UARTIntEnable                 
00000c3d  GPIOPinRead                   
00000c43  GPIOPinWrite                  
00000c49  SysCtlDelay                   
00000c4f  UARTIntClear                  
00000c53  _system_pre_init              
00000c57  C$$EXIT                       
00000c57  abort                         
00000db8  __TI_Handler_Table_Base       
00000dc4  __TI_Handler_Table_Limit      
00000de0  __TI_CINIT_Base               
00000df8  __TI_CINIT_Limit              
20000000  __start___llvm_prf_cnts       
20000000  __stop___llvm_prf_cnts        
20000000  g_pfnRAMVectors               
2000026c  Parqueo1                      
2000026d  Parqueo2                      
2000026e  Parqueo3                      
2000026f  Parqueo4                      
20000270  __stack                       
20000470  Disp                          
20000470  __STACK_END                   
20000470  __STACK_TOP                   
20000471  suma                          
ffffffff  __TI_pprof_out_hndl           
ffffffff  __TI_prof_data_size           
ffffffff  __TI_prof_data_start          
ffffffff  __binit__                     
ffffffff  __c_args__                    
ffffffff  binit                         
UNDEFED   __mpu_init                    
UNDEFED   _system_post_cinit            

[67 symbols]
